// Jest Snapshot v1, https://jestjs.io/docs/snapshot-testing

exports[`Tests that the snapshot of the card matches when the reading is the specification example. 1`] = `
<View
  accessibilityLabel="Open the SWM price page"
  accessibilityRole="button"
  accessibilityState={
    {
      "busy": undefined,
      "checked": undefined,
      "disabled": undefined,
      "expanded": undefined,
      "selected": undefined,
    }
  }
  accessibilityValue={
    {
      "max": undefined,
      "min": undefined,
      "now": undefined,
      "text": undefined,
    }
  }
  accessible={true}
  collapsable={false}
  focusable={true}
  onBlur={[Function]}
  onClick={[Function]}
  onFocus={[Function]}
  onLayout={[Function]}
  onResponderGrant={[Function]}
  onResponderMove={[Function]}
  onResponderRelease={[Function]}
  onResponderTerminate={[Function]}
  onResponderTerminationRequest={[Function]}
  onStartShouldSetResponder={[Function]}
  style={
    {
      "alignSelf": "stretch",
      "backgroundColor": "#031124",
      "borderColor": "#05234C",
      "borderRadius": 12,
      "borderWidth": 1,
      "gap": 6,
      "marginBottom": 12,
      "marginHorizontal": 20,
      "marginTop": 10,
      "paddingHorizontal": 14,
      "paddingVertical": 12,
    }
  }
  testID="price.card"
>
  <View
    style={
      {
        "alignItems": "center",
        "flexDirection": "row",
        "gap": 8,
      }
    }
  >
    <Image
      source={
        {
          "testUri": "../../../assets/img/swarm-mark.png",
        }
      }
      style={
        {
          "height": 16,
          "resizeMode": "contain",
          "width": 16,
        }
      }
    />
    <Text
      style={
        {
          "color": "#888888",
          "fontFamily": "JetBrainsMono-Medium",
          "fontSize": 10,
          "letterSpacing": 2,
        }
      }
    >
      SWM PRICE
    </Text>
    <View
      style={
        {
          "backgroundColor": "#18bd18",
          "borderRadius": 3,
          "height": 6,
          "width": 6,
        }
      }
      testID="price.freshness.fresh"
    />
    <View
      style={
        {
          "flex": 1,
        }
      }
    />
    <View
      accessibilityLabel="About this price"
      accessibilityRole="button"
      accessibilityState={
        {
          "busy": undefined,
          "checked": undefined,
          "disabled": undefined,
          "expanded": undefined,
          "selected": undefined,
        }
      }
      accessibilityValue={
        {
          "max": undefined,
          "min": undefined,
          "now": undefined,
          "text": undefined,
        }
      }
      accessible={true}
      collapsable={false}
      focusable={true}
      hitSlop={12}
      onBlur={[Function]}
      onClick={[Function]}
      onFocus={[Function]}
      onResponderGrant={[Function]}
      onResponderMove={[Function]}
      onResponderRelease={[Function]}
      onResponderTerminate={[Function]}
      onResponderTerminationRequest={[Function]}
      onStartShouldSetResponder={[Function]}
      testID="price.info"
    >
      <
        color="#888888"
        icon={
          {
            "icon": [
              512,
              512,
              [
                "info-circle",
              ],
              "f05a",
              "M256 512a256 256 0 1 0 0-512 256 256 0 1 0 0 512zM224 160a32 32 0 1 1 64 0 32 32 0 1 1 -64 0zm-8 64l48 0c13.3 0 24 10.7 24 24l0 88 8 0c13.3 0 24 10.7 24 24s-10.7 24-24 24l-80 0c-13.3 0-24-10.7-24-24s10.7-24 24-24l24 0 0-64-24 0c-13.3 0-24-10.7-24-24s10.7-24 24-24z",
            ],
            "iconName": "circle-info",
            "prefix": "fas",
          }
        }
        size={14}
      />
    </View>
  </View>
  <View
    style={
      {
        "alignItems": "center",
        "flexDirection": "row",
        "gap": 12,
      }
    }
  >
    <View
      style={
        {
          "flex": 1,
          "gap": 6,
        }
      }
    >
      <Text
        style={
          {
            "color": "#c3c3c3",
            "fontFamily": "Sora-SemiBold",
            "fontSize": 30,
            "letterSpacing": -0.44999999999999996,
          }
        }
        testID="price.value"
      >
        $0.8411
        <Text
          style={
            {
              "color": "#888888",
              "fontFamily": "JetBrainsMono-Regular",
              "fontSize": 13,
              "letterSpacing": 0.26,
            }
          }
        >
           USD
        </Text>
      </Text>
      <View
        style={
          {
            "alignSelf": "flex-start",
            "backgroundColor": "#1F1B17",
            "borderRadius": 6,
            "paddingHorizontal": 6,
            "paddingVertical": 2,
          }
        }
      >
        <Text
          style={
            {
              "color": "#3DD68C",
              "fontFamily": "JetBrainsMono-Medium",
              "fontSize": 12,
            }
          }
          testID="price.change"
        >
          ▲ 36.7 % 24h
        </Text>
      </View>
    </View>
  </View>
  <Text
    style={
      {
        "color": "#888888",
        "fontFamily": "JetBrainsMono-Regular",
        "fontSize": 11,
      }
    }
    testID="price.meta"
  >
    Base · Uniswap v4 · GeckoTerminal · updated 12 s ago
  </Text>
</View>
`;
